<?xml version="1.0" encoding="UTF-8"?>
<testsuites>
  <testsuite name="" tests="4" assertions="0" errors="4" warnings="0" failures="0" skipped="0" time="0.203402">
    <testsuite name="P\Tests\Feature\UserTest" file="/Users/edwinlippertz/Appwise/Projects/appwise-template/tests/Feature/UserTest.php" tests="4" assertions="0" errors="4" warnings="0" failures="0" skipped="0" time="0.203402">
      <testcase name="it should return 302 when not authenticated: /api/user" class="Tests\Feature\UserTest" classname="Tests.Feature.UserTest" file="/Users/edwinlippertz/Appwise/Projects/appwise-template/tests/Feature/UserTest.php" assertions="0" time="0.175479">
        <error type="Illuminate\Database\QueryException">/Users/edwinlippertz/Appwise/Projects/appwise-template/tests/Feature/UserTest.php::it should return 302 when not authenticated: /api/user
Illuminate\Database\QueryException: SQLSTATE[HY000] [1045] Access denied for user 'test_user'@'localhost' (using password: YES) (Connection: mysql, SQL: select * from information_schema.tables where table_schema = test_database and table_name = migrations and table_type = 'BASE TABLE')

/Users/edwinlippertz/Appwise/Projects/appwise-template/vendor/laravel/framework/src/Illuminate/Database/Connection.php:760
/Users/edwinlippertz/Appwise/Projects/appwise-template/vendor/laravel/framework/src/Illuminate/Database/Connection.php:720
/Users/edwinlippertz/Appwise/Projects/appwise-template/vendor/laravel/framework/src/Illuminate/Database/Connection.php:422
/Users/edwinlippertz/Appwise/Projects/appwise-template/vendor/laravel/framework/src/Illuminate/Database/Connection.php:392
/Users/edwinlippertz/Appwise/Projects/appwise-template/vendor/laravel/framework/src/Illuminate/Database/Schema/MySqlBuilder.php:44
/Users/edwinlippertz/Appwise/Projects/appwise-template/vendor/laravel/framework/src/Illuminate/Database/Migrations/DatabaseMigrationRepository.php:184
/Users/edwinlippertz/Appwise/Projects/appwise-template/vendor/laravel/framework/src/Illuminate/Database/Migrations/Migrator.php:699
/Users/edwinlippertz/Appwise/Projects/appwise-template/vendor/laravel/framework/src/Illuminate/Database/Console/Migrations/MigrateCommand.php:138
/Users/edwinlippertz/Appwise/Projects/appwise-template/vendor/laravel/framework/src/Illuminate/Support/helpers.php:247
/Users/edwinlippertz/Appwise/Projects/appwise-template/vendor/laravel/framework/src/Illuminate/Database/Console/Migrations/MigrateCommand.php:157
/Users/edwinlippertz/Appwise/Projects/appwise-template/vendor/laravel/framework/src/Illuminate/Database/Console/Migrations/MigrateCommand.php:114
/Users/edwinlippertz/Appwise/Projects/appwise-template/vendor/laravel/framework/src/Illuminate/Database/Console/Migrations/MigrateCommand.php:82
/Users/edwinlippertz/Appwise/Projects/appwise-template/vendor/laravel/framework/src/Illuminate/Database/Migrations/Migrator.php:632
/Users/edwinlippertz/Appwise/Projects/appwise-template/vendor/laravel/framework/src/Illuminate/Database/Console/Migrations/MigrateCommand.php:102
/Users/edwinlippertz/Appwise/Projects/appwise-template/vendor/laravel/framework/src/Illuminate/Container/BoundMethod.php:36
/Users/edwinlippertz/Appwise/Projects/appwise-template/vendor/laravel/framework/src/Illuminate/Container/Util.php:41
/Users/edwinlippertz/Appwise/Projects/appwise-template/vendor/laravel/framework/src/Illuminate/Container/BoundMethod.php:93
/Users/edwinlippertz/Appwise/Projects/appwise-template/vendor/laravel/framework/src/Illuminate/Container/BoundMethod.php:37
/Users/edwinlippertz/Appwise/Projects/appwise-template/vendor/laravel/framework/src/Illuminate/Container/Container.php:661
/Users/edwinlippertz/Appwise/Projects/appwise-template/vendor/laravel/framework/src/Illuminate/Console/Command.php:194
/Users/edwinlippertz/Appwise/Projects/appwise-template/vendor/symfony/console/Command/Command.php:312
/Users/edwinlippertz/Appwise/Projects/appwise-template/vendor/laravel/framework/src/Illuminate/Console/Command.php:164
/Users/edwinlippertz/Appwise/Projects/appwise-template/vendor/symfony/console/Application.php:1022
/Users/edwinlippertz/Appwise/Projects/appwise-template/vendor/symfony/console/Application.php:314
/Users/edwinlippertz/Appwise/Projects/appwise-template/vendor/symfony/console/Application.php:168
/Users/edwinlippertz/Appwise/Projects/appwise-template/vendor/laravel/framework/src/Illuminate/Console/Application.php:102
/Users/edwinlippertz/Appwise/Projects/appwise-template/vendor/laravel/framework/src/Illuminate/Console/Application.php:194
/Users/edwinlippertz/Appwise/Projects/appwise-template/vendor/laravel/framework/src/Illuminate/Foundation/Console/Kernel.php:336
/Users/edwinlippertz/Appwise/Projects/appwise-template/vendor/laravel/framework/src/Illuminate/Testing/PendingCommand.php:296
/Users/edwinlippertz/Appwise/Projects/appwise-template/vendor/laravel/framework/src/Illuminate/Testing/PendingCommand.php:481
/Users/edwinlippertz/Appwise/Projects/appwise-template/vendor/laravel/framework/src/Illuminate/Foundation/Testing/Concerns/InteractsWithConsole.php:80
/Users/edwinlippertz/Appwise/Projects/appwise-template/tests/Setup/TestCase.php:37
/Users/edwinlippertz/Appwise/Projects/appwise-template/vendor/laravel/framework/src/Illuminate/Foundation/Testing/TestCase.php:129
/Users/edwinlippertz/Appwise/Projects/appwise-template/vendor/laravel/framework/src/Illuminate/Foundation/Testing/TestCase.php:94
/Users/edwinlippertz/Appwise/Projects/appwise-template/vendor/pestphp/pest/src/Concerns/Testable.php:228
/Users/edwinlippertz/Appwise/Projects/appwise-template/vendor/pestphp/pest/src/Console/Command.php:119
/Users/edwinlippertz/Appwise/Projects/appwise-template/vendor/pestphp/pest/bin/pest:62
/Users/edwinlippertz/Appwise/Projects/appwise-template/vendor/pestphp/pest/bin/pest:63</error>
      </testcase>
      <testcase name="it should return 401 when not authenticated: /api/users (json)" class="Tests\Feature\UserTest" classname="Tests.Feature.UserTest" file="/Users/edwinlippertz/Appwise/Projects/appwise-template/tests/Feature/UserTest.php" assertions="0" time="0.010170">
        <error type="Illuminate\Database\QueryException">/Users/edwinlippertz/Appwise/Projects/appwise-template/tests/Feature/UserTest.php::it should return 401 when not authenticated: /api/users (json)
Illuminate\Database\QueryException: SQLSTATE[HY000] [1045] Access denied for user 'test_user'@'localhost' (using password: YES) (Connection: mysql, SQL: select * from information_schema.tables where table_schema = test_database and table_name = migrations and table_type = 'BASE TABLE')

/Users/edwinlippertz/Appwise/Projects/appwise-template/vendor/laravel/framework/src/Illuminate/Database/Connection.php:760
/Users/edwinlippertz/Appwise/Projects/appwise-template/vendor/laravel/framework/src/Illuminate/Database/Connection.php:720
/Users/edwinlippertz/Appwise/Projects/appwise-template/vendor/laravel/framework/src/Illuminate/Database/Connection.php:422
/Users/edwinlippertz/Appwise/Projects/appwise-template/vendor/laravel/framework/src/Illuminate/Database/Connection.php:392
/Users/edwinlippertz/Appwise/Projects/appwise-template/vendor/laravel/framework/src/Illuminate/Database/Schema/MySqlBuilder.php:44
/Users/edwinlippertz/Appwise/Projects/appwise-template/vendor/laravel/framework/src/Illuminate/Database/Migrations/DatabaseMigrationRepository.php:184
/Users/edwinlippertz/Appwise/Projects/appwise-template/vendor/laravel/framework/src/Illuminate/Database/Migrations/Migrator.php:699
/Users/edwinlippertz/Appwise/Projects/appwise-template/vendor/laravel/framework/src/Illuminate/Database/Console/Migrations/MigrateCommand.php:138
/Users/edwinlippertz/Appwise/Projects/appwise-template/vendor/laravel/framework/src/Illuminate/Support/helpers.php:247
/Users/edwinlippertz/Appwise/Projects/appwise-template/vendor/laravel/framework/src/Illuminate/Database/Console/Migrations/MigrateCommand.php:157
/Users/edwinlippertz/Appwise/Projects/appwise-template/vendor/laravel/framework/src/Illuminate/Database/Console/Migrations/MigrateCommand.php:114
/Users/edwinlippertz/Appwise/Projects/appwise-template/vendor/laravel/framework/src/Illuminate/Database/Console/Migrations/MigrateCommand.php:82
/Users/edwinlippertz/Appwise/Projects/appwise-template/vendor/laravel/framework/src/Illuminate/Database/Migrations/Migrator.php:632
/Users/edwinlippertz/Appwise/Projects/appwise-template/vendor/laravel/framework/src/Illuminate/Database/Console/Migrations/MigrateCommand.php:102
/Users/edwinlippertz/Appwise/Projects/appwise-template/vendor/laravel/framework/src/Illuminate/Container/BoundMethod.php:36
/Users/edwinlippertz/Appwise/Projects/appwise-template/vendor/laravel/framework/src/Illuminate/Container/Util.php:41
/Users/edwinlippertz/Appwise/Projects/appwise-template/vendor/laravel/framework/src/Illuminate/Container/BoundMethod.php:93
/Users/edwinlippertz/Appwise/Projects/appwise-template/vendor/laravel/framework/src/Illuminate/Container/BoundMethod.php:37
/Users/edwinlippertz/Appwise/Projects/appwise-template/vendor/laravel/framework/src/Illuminate/Container/Container.php:661
/Users/edwinlippertz/Appwise/Projects/appwise-template/vendor/laravel/framework/src/Illuminate/Console/Command.php:194
/Users/edwinlippertz/Appwise/Projects/appwise-template/vendor/symfony/console/Command/Command.php:312
/Users/edwinlippertz/Appwise/Projects/appwise-template/vendor/laravel/framework/src/Illuminate/Console/Command.php:164
/Users/edwinlippertz/Appwise/Projects/appwise-template/vendor/symfony/console/Application.php:1022
/Users/edwinlippertz/Appwise/Projects/appwise-template/vendor/symfony/console/Application.php:314
/Users/edwinlippertz/Appwise/Projects/appwise-template/vendor/symfony/console/Application.php:168
/Users/edwinlippertz/Appwise/Projects/appwise-template/vendor/laravel/framework/src/Illuminate/Console/Application.php:102
/Users/edwinlippertz/Appwise/Projects/appwise-template/vendor/laravel/framework/src/Illuminate/Console/Application.php:194
/Users/edwinlippertz/Appwise/Projects/appwise-template/vendor/laravel/framework/src/Illuminate/Foundation/Console/Kernel.php:336
/Users/edwinlippertz/Appwise/Projects/appwise-template/vendor/laravel/framework/src/Illuminate/Testing/PendingCommand.php:296
/Users/edwinlippertz/Appwise/Projects/appwise-template/vendor/laravel/framework/src/Illuminate/Testing/PendingCommand.php:481
/Users/edwinlippertz/Appwise/Projects/appwise-template/vendor/laravel/framework/src/Illuminate/Foundation/Testing/Concerns/InteractsWithConsole.php:80
/Users/edwinlippertz/Appwise/Projects/appwise-template/tests/Setup/TestCase.php:37
/Users/edwinlippertz/Appwise/Projects/appwise-template/vendor/laravel/framework/src/Illuminate/Foundation/Testing/TestCase.php:129
/Users/edwinlippertz/Appwise/Projects/appwise-template/vendor/laravel/framework/src/Illuminate/Foundation/Testing/TestCase.php:94
/Users/edwinlippertz/Appwise/Projects/appwise-template/vendor/pestphp/pest/src/Concerns/Testable.php:228
/Users/edwinlippertz/Appwise/Projects/appwise-template/vendor/pestphp/pest/src/Console/Command.php:119
/Users/edwinlippertz/Appwise/Projects/appwise-template/vendor/pestphp/pest/bin/pest:62
/Users/edwinlippertz/Appwise/Projects/appwise-template/vendor/pestphp/pest/bin/pest:63</error>
      </testcase>
      <testcase name="it should create new user" class="Tests\Feature\UserTest" classname="Tests.Feature.UserTest" file="/Users/edwinlippertz/Appwise/Projects/appwise-template/tests/Feature/UserTest.php" assertions="0" time="0.006475">
        <error type="Illuminate\Database\QueryException">/Users/edwinlippertz/Appwise/Projects/appwise-template/tests/Feature/UserTest.php::it should create new user
Illuminate\Database\QueryException: SQLSTATE[HY000] [1045] Access denied for user 'test_user'@'localhost' (using password: YES) (Connection: mysql, SQL: select * from information_schema.tables where table_schema = test_database and table_name = migrations and table_type = 'BASE TABLE')

/Users/edwinlippertz/Appwise/Projects/appwise-template/vendor/laravel/framework/src/Illuminate/Database/Connection.php:760
/Users/edwinlippertz/Appwise/Projects/appwise-template/vendor/laravel/framework/src/Illuminate/Database/Connection.php:720
/Users/edwinlippertz/Appwise/Projects/appwise-template/vendor/laravel/framework/src/Illuminate/Database/Connection.php:422
/Users/edwinlippertz/Appwise/Projects/appwise-template/vendor/laravel/framework/src/Illuminate/Database/Connection.php:392
/Users/edwinlippertz/Appwise/Projects/appwise-template/vendor/laravel/framework/src/Illuminate/Database/Schema/MySqlBuilder.php:44
/Users/edwinlippertz/Appwise/Projects/appwise-template/vendor/laravel/framework/src/Illuminate/Database/Migrations/DatabaseMigrationRepository.php:184
/Users/edwinlippertz/Appwise/Projects/appwise-template/vendor/laravel/framework/src/Illuminate/Database/Migrations/Migrator.php:699
/Users/edwinlippertz/Appwise/Projects/appwise-template/vendor/laravel/framework/src/Illuminate/Database/Console/Migrations/MigrateCommand.php:138
/Users/edwinlippertz/Appwise/Projects/appwise-template/vendor/laravel/framework/src/Illuminate/Support/helpers.php:247
/Users/edwinlippertz/Appwise/Projects/appwise-template/vendor/laravel/framework/src/Illuminate/Database/Console/Migrations/MigrateCommand.php:157
/Users/edwinlippertz/Appwise/Projects/appwise-template/vendor/laravel/framework/src/Illuminate/Database/Console/Migrations/MigrateCommand.php:114
/Users/edwinlippertz/Appwise/Projects/appwise-template/vendor/laravel/framework/src/Illuminate/Database/Console/Migrations/MigrateCommand.php:82
/Users/edwinlippertz/Appwise/Projects/appwise-template/vendor/laravel/framework/src/Illuminate/Database/Migrations/Migrator.php:632
/Users/edwinlippertz/Appwise/Projects/appwise-template/vendor/laravel/framework/src/Illuminate/Database/Console/Migrations/MigrateCommand.php:102
/Users/edwinlippertz/Appwise/Projects/appwise-template/vendor/laravel/framework/src/Illuminate/Container/BoundMethod.php:36
/Users/edwinlippertz/Appwise/Projects/appwise-template/vendor/laravel/framework/src/Illuminate/Container/Util.php:41
/Users/edwinlippertz/Appwise/Projects/appwise-template/vendor/laravel/framework/src/Illuminate/Container/BoundMethod.php:93
/Users/edwinlippertz/Appwise/Projects/appwise-template/vendor/laravel/framework/src/Illuminate/Container/BoundMethod.php:37
/Users/edwinlippertz/Appwise/Projects/appwise-template/vendor/laravel/framework/src/Illuminate/Container/Container.php:661
/Users/edwinlippertz/Appwise/Projects/appwise-template/vendor/laravel/framework/src/Illuminate/Console/Command.php:194
/Users/edwinlippertz/Appwise/Projects/appwise-template/vendor/symfony/console/Command/Command.php:312
/Users/edwinlippertz/Appwise/Projects/appwise-template/vendor/laravel/framework/src/Illuminate/Console/Command.php:164
/Users/edwinlippertz/Appwise/Projects/appwise-template/vendor/symfony/console/Application.php:1022
/Users/edwinlippertz/Appwise/Projects/appwise-template/vendor/symfony/console/Application.php:314
/Users/edwinlippertz/Appwise/Projects/appwise-template/vendor/symfony/console/Application.php:168
/Users/edwinlippertz/Appwise/Projects/appwise-template/vendor/laravel/framework/src/Illuminate/Console/Application.php:102
/Users/edwinlippertz/Appwise/Projects/appwise-template/vendor/laravel/framework/src/Illuminate/Console/Application.php:194
/Users/edwinlippertz/Appwise/Projects/appwise-template/vendor/laravel/framework/src/Illuminate/Foundation/Console/Kernel.php:336
/Users/edwinlippertz/Appwise/Projects/appwise-template/vendor/laravel/framework/src/Illuminate/Testing/PendingCommand.php:296
/Users/edwinlippertz/Appwise/Projects/appwise-template/vendor/laravel/framework/src/Illuminate/Testing/PendingCommand.php:481
/Users/edwinlippertz/Appwise/Projects/appwise-template/vendor/laravel/framework/src/Illuminate/Foundation/Testing/Concerns/InteractsWithConsole.php:80
/Users/edwinlippertz/Appwise/Projects/appwise-template/tests/Setup/TestCase.php:37
/Users/edwinlippertz/Appwise/Projects/appwise-template/vendor/laravel/framework/src/Illuminate/Foundation/Testing/TestCase.php:129
/Users/edwinlippertz/Appwise/Projects/appwise-template/vendor/laravel/framework/src/Illuminate/Foundation/Testing/TestCase.php:94
/Users/edwinlippertz/Appwise/Projects/appwise-template/vendor/pestphp/pest/src/Concerns/Testable.php:228
/Users/edwinlippertz/Appwise/Projects/appwise-template/vendor/pestphp/pest/src/Console/Command.php:119
/Users/edwinlippertz/Appwise/Projects/appwise-template/vendor/pestphp/pest/bin/pest:62
/Users/edwinlippertz/Appwise/Projects/appwise-template/vendor/pestphp/pest/bin/pest:63</error>
      </testcase>
      <testcase name="it should update current user" class="Tests\Feature\UserTest" classname="Tests.Feature.UserTest" file="/Users/edwinlippertz/Appwise/Projects/appwise-template/tests/Feature/UserTest.php" assertions="0" time="0.011278">
        <error type="Illuminate\Database\QueryException">/Users/edwinlippertz/Appwise/Projects/appwise-template/tests/Feature/UserTest.php::it should update current user
Illuminate\Database\QueryException: SQLSTATE[HY000] [1045] Access denied for user 'test_user'@'localhost' (using password: YES) (Connection: mysql, SQL: select * from information_schema.tables where table_schema = test_database and table_name = migrations and table_type = 'BASE TABLE')

/Users/edwinlippertz/Appwise/Projects/appwise-template/vendor/laravel/framework/src/Illuminate/Database/Connection.php:760
/Users/edwinlippertz/Appwise/Projects/appwise-template/vendor/laravel/framework/src/Illuminate/Database/Connection.php:720
/Users/edwinlippertz/Appwise/Projects/appwise-template/vendor/laravel/framework/src/Illuminate/Database/Connection.php:422
/Users/edwinlippertz/Appwise/Projects/appwise-template/vendor/laravel/framework/src/Illuminate/Database/Connection.php:392
/Users/edwinlippertz/Appwise/Projects/appwise-template/vendor/laravel/framework/src/Illuminate/Database/Schema/MySqlBuilder.php:44
/Users/edwinlippertz/Appwise/Projects/appwise-template/vendor/laravel/framework/src/Illuminate/Database/Migrations/DatabaseMigrationRepository.php:184
/Users/edwinlippertz/Appwise/Projects/appwise-template/vendor/laravel/framework/src/Illuminate/Database/Migrations/Migrator.php:699
/Users/edwinlippertz/Appwise/Projects/appwise-template/vendor/laravel/framework/src/Illuminate/Database/Console/Migrations/MigrateCommand.php:138
/Users/edwinlippertz/Appwise/Projects/appwise-template/vendor/laravel/framework/src/Illuminate/Support/helpers.php:247
/Users/edwinlippertz/Appwise/Projects/appwise-template/vendor/laravel/framework/src/Illuminate/Database/Console/Migrations/MigrateCommand.php:157
/Users/edwinlippertz/Appwise/Projects/appwise-template/vendor/laravel/framework/src/Illuminate/Database/Console/Migrations/MigrateCommand.php:114
/Users/edwinlippertz/Appwise/Projects/appwise-template/vendor/laravel/framework/src/Illuminate/Database/Console/Migrations/MigrateCommand.php:82
/Users/edwinlippertz/Appwise/Projects/appwise-template/vendor/laravel/framework/src/Illuminate/Database/Migrations/Migrator.php:632
/Users/edwinlippertz/Appwise/Projects/appwise-template/vendor/laravel/framework/src/Illuminate/Database/Console/Migrations/MigrateCommand.php:102
/Users/edwinlippertz/Appwise/Projects/appwise-template/vendor/laravel/framework/src/Illuminate/Container/BoundMethod.php:36
/Users/edwinlippertz/Appwise/Projects/appwise-template/vendor/laravel/framework/src/Illuminate/Container/Util.php:41
/Users/edwinlippertz/Appwise/Projects/appwise-template/vendor/laravel/framework/src/Illuminate/Container/BoundMethod.php:93
/Users/edwinlippertz/Appwise/Projects/appwise-template/vendor/laravel/framework/src/Illuminate/Container/BoundMethod.php:37
/Users/edwinlippertz/Appwise/Projects/appwise-template/vendor/laravel/framework/src/Illuminate/Container/Container.php:661
/Users/edwinlippertz/Appwise/Projects/appwise-template/vendor/laravel/framework/src/Illuminate/Console/Command.php:194
/Users/edwinlippertz/Appwise/Projects/appwise-template/vendor/symfony/console/Command/Command.php:312
/Users/edwinlippertz/Appwise/Projects/appwise-template/vendor/laravel/framework/src/Illuminate/Console/Command.php:164
/Users/edwinlippertz/Appwise/Projects/appwise-template/vendor/symfony/console/Application.php:1022
/Users/edwinlippertz/Appwise/Projects/appwise-template/vendor/symfony/console/Application.php:314
/Users/edwinlippertz/Appwise/Projects/appwise-template/vendor/symfony/console/Application.php:168
/Users/edwinlippertz/Appwise/Projects/appwise-template/vendor/laravel/framework/src/Illuminate/Console/Application.php:102
/Users/edwinlippertz/Appwise/Projects/appwise-template/vendor/laravel/framework/src/Illuminate/Console/Application.php:194
/Users/edwinlippertz/Appwise/Projects/appwise-template/vendor/laravel/framework/src/Illuminate/Foundation/Console/Kernel.php:336
/Users/edwinlippertz/Appwise/Projects/appwise-template/vendor/laravel/framework/src/Illuminate/Testing/PendingCommand.php:296
/Users/edwinlippertz/Appwise/Projects/appwise-template/vendor/laravel/framework/src/Illuminate/Testing/PendingCommand.php:481
/Users/edwinlippertz/Appwise/Projects/appwise-template/vendor/laravel/framework/src/Illuminate/Foundation/Testing/Concerns/InteractsWithConsole.php:80
/Users/edwinlippertz/Appwise/Projects/appwise-template/tests/Setup/TestCase.php:37
/Users/edwinlippertz/Appwise/Projects/appwise-template/vendor/laravel/framework/src/Illuminate/Foundation/Testing/TestCase.php:129
/Users/edwinlippertz/Appwise/Projects/appwise-template/vendor/laravel/framework/src/Illuminate/Foundation/Testing/TestCase.php:94
/Users/edwinlippertz/Appwise/Projects/appwise-template/vendor/pestphp/pest/src/Concerns/Testable.php:228
/Users/edwinlippertz/Appwise/Projects/appwise-template/vendor/pestphp/pest/src/Console/Command.php:119
/Users/edwinlippertz/Appwise/Projects/appwise-template/vendor/pestphp/pest/bin/pest:62
/Users/edwinlippertz/Appwise/Projects/appwise-template/vendor/pestphp/pest/bin/pest:63</error>
      </testcase>
    </testsuite>
  </testsuite>
</testsuites>
